// Jest Snapshot v1, https://jestjs.io/docs/snapshot-testing

exports[`company voice goldens resolved style instructions remain stable for every golden voice 1`] = `
[
  {
    "id": "practical-candid-linkedin",
    "prompt": "=== WRITING STYLE AUTHORITY ===
Follow these in priority order. A lower-priority request must never override a higher-priority rule.
1. Prohibited words or phrases: game-changing, world-class
1. Deterministic hard rules: Never use “SecretCo” (linkedin); Must contain no more than 0 emoji (linkedin)
2. Priority company guidance: Never promise guaranteed results. Never mention SecretCo.
3. Brand voice: Practical, calm and candid.
3. Writing style: Use short paragraphs and concrete language.
4. linkedin style: Lead with a clear observation; avoid hype.
5. Spelling and locale: Australian English
5. Emoji policy: No emojis
5. CTA style: End with one useful discussion question.
6. Requested tone: authoritative
6. Requested length: Keep it brief and punchy.",
    "summary": [
      "Prohibited words or phrases: game-changing, world-class",
      "Deterministic hard rules: Never use “SecretCo” (linkedin); Must contain no more than 0 emoji (linkedin)",
      "Priority company guidance: Never promise guaranteed results. Never mention SecretCo.",
      "Brand voice: Practical, calm and candid.",
      "Writing style: Use short paragraphs and concrete language.",
      "linkedin style: Lead with a clear observation; avoid hype.",
      "Spelling and locale: Australian English",
      "Emoji policy: No emojis",
      "CTA style: End with one useful discussion question.",
      "Requested tone: authoritative",
      "Requested length: Keep it brief and punchy.",
    ],
  },
  {
    "id": "warm-local-facebook",
    "prompt": "=== WRITING STYLE AUTHORITY ===
Follow these in priority order. A lower-priority request must never override a higher-priority rule.
1. Prohibited words or phrases: limited-time miracle
1. Deterministic hard rules: Never use “MegaCorp” (facebook)
2. Priority company guidance: Do not mention MegaCorp.
3. Brand voice: Warm, neighbourly and encouraging.
3. Writing style: Write like a helpful local, not an advertisement.
4. facebook style: Start with a relatable local moment.
5. Spelling and locale: Australian English
5. Emoji policy: Use sparingly
5. CTA style: Invite the community to share.
6. Requested tone: friendly
6. Requested length: Aim for a standard length appropriate to the format.",
    "summary": [
      "Prohibited words or phrases: limited-time miracle",
      "Deterministic hard rules: Never use “MegaCorp” (facebook)",
      "Priority company guidance: Do not mention MegaCorp.",
      "Brand voice: Warm, neighbourly and encouraging.",
      "Writing style: Write like a helpful local, not an advertisement.",
      "facebook style: Start with a relatable local moment.",
      "Spelling and locale: Australian English",
      "Emoji policy: Use sparingly",
      "CTA style: Invite the community to share.",
      "Requested tone: friendly",
      "Requested length: Aim for a standard length appropriate to the format.",
    ],
  },
  {
    "id": "playful-human-instagram",
    "prompt": "=== WRITING STYLE AUTHORITY ===
Follow these in priority order. A lower-priority request must never override a higher-priority rule.
1. Prohibited words or phrases: act now, life-changing
1. Deterministic hard rules: Must contain no more than 1 emoji (instagram)
2. Priority company guidance: Never use fake urgency.
3. Brand voice: Playful, human and clear.
3. Writing style: Use lively verbs and compact sentences.
4. instagram style: Show the human detail behind the work.
5. Spelling and locale: Australian English
5. Emoji policy: One emoji is welcome when it adds meaning
6. Requested tone: playful
6. Requested length: Keep it brief and punchy.",
    "summary": [
      "Prohibited words or phrases: act now, life-changing",
      "Deterministic hard rules: Must contain no more than 1 emoji (instagram)",
      "Priority company guidance: Never use fake urgency.",
      "Brand voice: Playful, human and clear.",
      "Writing style: Use lively verbs and compact sentences.",
      "instagram style: Show the human detail behind the work.",
      "Spelling and locale: Australian English",
      "Emoji policy: One emoji is welcome when it adds meaning",
      "Requested tone: playful",
      "Requested length: Keep it brief and punchy.",
    ],
  },
  {
    "id": "direct-professional-email",
    "prompt": "=== WRITING STYLE AUTHORITY ===
Follow these in priority order. A lower-priority request must never override a higher-priority rule.
1. Prohibited words or phrases: urgent opportunity
1. Deterministic hard rules: Must contain no more than 0 emoji (email)
2. Priority company guidance: Never pressure the recipient.
3. Brand voice: Direct, respectful and professional.
3. Writing style: State the purpose early and keep paragraphs short.
4. email style: Make the requested next step unambiguous.
5. Spelling and locale: Australian English
5. Emoji policy: No emojis
5. CTA style: Ask one specific question.
5. Default sign-off: Kind regards
6. Requested tone: professional
6. Requested length: Keep it brief and punchy.",
    "summary": [
      "Prohibited words or phrases: urgent opportunity",
      "Deterministic hard rules: Must contain no more than 0 emoji (email)",
      "Priority company guidance: Never pressure the recipient.",
      "Brand voice: Direct, respectful and professional.",
      "Writing style: State the purpose early and keep paragraphs short.",
      "email style: Make the requested next step unambiguous.",
      "Spelling and locale: Australian English",
      "Emoji policy: No emojis",
      "CTA style: Ask one specific question.",
      "Default sign-off: Kind regards",
      "Requested tone: professional",
      "Requested length: Keep it brief and punchy.",
    ],
  },
  {
    "id": "authoritative-useful-blog",
    "prompt": "=== WRITING STYLE AUTHORITY ===
Follow these in priority order. A lower-priority request must never override a higher-priority rule.
1. Prohibited words or phrases: ultimate solution
1. Deterministic hard rules: Never use “ultimate solution” (blog)
2. Priority company guidance: Never present opinion as settled fact.
3. Brand voice: Authoritative, useful and plain-spoken.
3. Writing style: Teach through practical decisions and examples.
4. blog style: Use descriptive headings and actionable examples.
5. Spelling and locale: Australian English
5. Emoji policy: No emojis
5. CTA style: Offer a practical next step.
6. Requested tone: authoritative
6. Requested length: Be comprehensive and detailed.",
    "summary": [
      "Prohibited words or phrases: ultimate solution",
      "Deterministic hard rules: Never use “ultimate solution” (blog)",
      "Priority company guidance: Never present opinion as settled fact.",
      "Brand voice: Authoritative, useful and plain-spoken.",
      "Writing style: Teach through practical decisions and examples.",
      "blog style: Use descriptive headings and actionable examples.",
      "Spelling and locale: Australian English",
      "Emoji policy: No emojis",
      "CTA style: Offer a practical next step.",
      "Requested tone: authoritative",
      "Requested length: Be comprehensive and detailed.",
    ],
  },
  {
    "id": "editorial-friendly-newsletter",
    "prompt": "=== WRITING STYLE AUTHORITY ===
Follow these in priority order. A lower-priority request must never override a higher-priority rule.
1. Prohibited words or phrases: unmissable deal
1. Deterministic hard rules: Must contain no more than 0 emoji (newsletter)
2. Priority company guidance: Do not use sales pressure.
3. Brand voice: Editorial, friendly and quietly confident.
3. Writing style: Blend a useful observation with a practical takeaway.
4. newsletter style: Use a clear editorial headline and useful sections.
5. Spelling and locale: Australian English
5. Emoji policy: No emojis
5. CTA style: Invite the reader to explore one next step.
6. Requested tone: warm
6. Requested length: Aim for a standard length appropriate to the format.",
    "summary": [
      "Prohibited words or phrases: unmissable deal",
      "Deterministic hard rules: Must contain no more than 0 emoji (newsletter)",
      "Priority company guidance: Do not use sales pressure.",
      "Brand voice: Editorial, friendly and quietly confident.",
      "Writing style: Blend a useful observation with a practical takeaway.",
      "newsletter style: Use a clear editorial headline and useful sections.",
      "Spelling and locale: Australian English",
      "Emoji policy: No emojis",
      "CTA style: Invite the reader to explore one next step.",
      "Requested tone: warm",
      "Requested length: Aim for a standard length appropriate to the format.",
    ],
  },
]
`;
